#Test for print_square

>>> print_square = __import__('4-print_square').print_square

>>> print_square(4)
####
####
####
####

>>> print_square(-4)
Traceback (most recent call last):
ValueError: size must be greater than or equal to zero

>>> print_square("bring it")
Traceback (most recent call last):
TypeError: size must be an integer

>>> print_square(-0.6)
Traceback (most recent call last):
TypeError: size must be an integer
